exports[`App snapshots 1`] = `
<div
  className="page">
  <div
    className="interactions">
    <form
      onSubmit={[Function]}>
      Search 
       
      <input
        onChange={[Function]}
        type="text"
        value="redux" />
      <button
        type="submit">
        Search
      </button>
    </form>
  </div>
  <div
    className="table" />
  <div
    className="interactions">
    <div
      className="spinner">
      <div
        className="bounce1" />
      <div
        className="bounce2" />
      <div
        className="bounce3" />
    </div>
  </div>
</div>
`;
